// Jest Snapshot v1, https://goo.gl/fbAQLP

exports[`CommitRow component should render initial layout 1`] = `
Array [
  <div
    className="row"
  >
    <div
      className="col-md-12 commitItem"
    >
      <h6
        className="commitItemLink text-left"
      >
        <a
          href="#"
          target="_blank"
        >
          
        </a>
      </h6>
      <div
        className=""
      >
        <img
          className="commitItemImage float-left"
          src=""
        />
        <p
          className="commitItemAuthor text-left"
        >
          
           committed onÂ 
          
        </p>
      </div>
    </div>
  </div>,
]
`;
