// Jest Snapshot v1, https://goo.gl/fbAQLP

exports[`CommitsPage component should render initial layout 1`] = `
Array [
  <div>
    <ProjectSwitcher
      setCommitsData={[Function]}
    />
    <CommitList
      commitsData=""
    />
  </div>,
]
`;
