// Jest Snapshot v1, https://goo.gl/fbAQLP

exports[`CommitList component should render initial layout 1`] = `
Array [
  <div>
    <br />
    <br />
    No available data
    <br />
    
    <br />
    <br />
  </div>,
]
`;
